// Jest Snapshot v1, https://goo.gl/fbAQLP

exports[`EmptyState - Coverage Renders correctly 1`] = `
<View
  style={
    {
      "alignItems": "center",
      "flex": 1,
      "gap": 10,
      "justifyContent": "center",
    }
  }
  testID="EmptyState"
>
  <Image
    source={
      {
        "testUri": "../../../assets/empty-discover.jpg",
      }
    }
    style={
      {
        "height": 150,
        "marginBottom": 10,
        "width": 200,
      }
    }
  />
  <Text
    style={
      {
        "color": "#000000",
        "fontSize": 18,
        "fontWeight": "700",
        "marginBottom": 0,
      }
    }
  >
    No results found
  </Text>
  <Text
    style={
      {
        "color": "#757575",
        "fontSize": 14,
        "marginBottom": 14,
        "marginTop": 0,
      }
    }
  >
    Try adjusting the settings
  </Text>
  <View
    accessibilityState={
      {
        "busy": undefined,
        "checked": undefined,
        "disabled": undefined,
        "expanded": undefined,
        "selected": undefined,
      }
    }
    accessibilityValue={
      {
        "max": undefined,
        "min": undefined,
        "now": undefined,
        "text": undefined,
      }
    }
    accessible={true}
    collapsable={false}
    focusable={true}
    onClick={[Function]}
    onResponderGrant={[Function]}
    onResponderMove={[Function]}
    onResponderRelease={[Function]}
    onResponderTerminate={[Function]}
    onResponderTerminationRequest={[Function]}
    onStartShouldSetResponder={[Function]}
    style={
      {
        "backgroundColor": "#000000",
        "borderRadius": 16,
        "opacity": 1,
        "paddingHorizontal": 30,
        "paddingVertical": 16,
      }
    }
  >
    <Text
      style={
        {
          "color": "#ffffff",
          "fontSize": 14,
          "fontWeight": "700",
        }
      }
    >
      Go to Settings
    </Text>
  </View>
</View>
`;
